BUSNO BUS-NAME        ZONE-NO AREA-NO

1604002           TEEG1      86      46

1604003           TEEG2      86      46

1604004           TEEG3      86      46

1604005           TEEG4      86      46

1604006           TEEG5      86      46

1604007           TEEG6      86      46

1804022        LCKWPG40      68      18
1804023         GORAKH4      68      18
1804030         BALIA40      68      18
1804035          LUCK_1      68      18
1804040          LUCK_2      68      18
1804052        BALIASC1      68      18
1804053        BALIASC2      68      18
1804058           MGLSR      68      18
1804059         ALLAHB2      68      18
1807004        FTHPR765      68      18
1807022         LCKN765      33      18
1807030        BALIA765      33      18
4100001        MUZAFPUG       5      75
4100003          BTPS2G       5      75
4100004        NHPKOSIG       5      75
4100005         BHPCGEN       5      75
4100007         KAHALU2       5      75
4100008         MUZPEXT       5      75
4101001        CHANDT13       3      73
4101002        BODHG132       3      73
4101003        SONEN132       3      73
4101004        KARMN132       3      73
4101005        JEHAN132       3      73
4101006        RAFIG132       3      73
4101007        DEHRI132       3      73
4101008        BRSHRF13       3      73
4101009        HATHID13       3      73
4101010        LAKISRJ1       3      73
4101011        JAMUI132       3      73
4101012        SHEIK132       3      73
4101013        NAWAD132       3      73
4101014        JAMAL132       3      73
4101015        SULTAN13       3      73
4101016        SABOUR13       3      73
4101017        DUMRA132       3      73
4101018        ARRAHPG1       3      73
4101019        PATNA132       3      73
4101020        KHAGL132       3      73
4101021        FATUH132       3      73
4101023        PURN_BS1       3      73
4101024        SAHAR132       3      73
4101025        KHAGR132       3      73
4101026        NAUGA132       3      73
4101027        MUZFPR13       3      73
4101028        SITAM132       3      73
4101029        SAMSTPR1       3      73
4101030        PANDL132       3      73
4101031        HAJIP132       3      73
4101032        CHAPR132       3      73
4101033        SIWAN132       3      73
4101034        MOTIH132       3      73
4101035        BETTI132       3      73
4101036        RAMNR132       3      73
4101038        RAJGR132       3      73
4101041        DRBNGA1O       3      73
4101042        KATIH132       3      73
4101043        KAHAL132       3      73
4101044        BELGNJ13       3      73
4101045        VAISH132       3      73
4101046        SITLPR13       3      73
4101047        GOPAL132       3      73
4101048        DHAKA132       3      73
4101049        JAINA132       3      73
4101050        MADBNI13       3      73
4101051        PHULP132       3      73
4101052        SUPAL132       3      73
4101053        SSRAM132       3      73
4101054        BHABH132       3      73
4101055        BIKRAM13       3      73
4101057        BANKA132       3      73
4101058        FORBE132       3      73
4101059        UDAKI132       3      73
4101060         BARH132       3      73
4101061          BARAHI       3      73
4101062        BARIP132       3      73
4101063        JAPLA132       3      73
4101066        PAHAR132       3      73
4101067         BENJARI       3      73
4101072        NHPCKOSI       3      73
4101073        BARNITPS       3      73
4101075        SURAJ132       3      73
4101076         MTPS132       3      73
4101079        KISHN132       3      73
4101082        KUDRA132       3      73
4101083         GAYA132       3      73
4101085            BHEP       3      73
4101086         DUHABI1       3      73
4101087        PURN_PG1       3      73
4101089        DRBNGA1N       3      73
4101090         MASRHI1       3      73
4101091          BIHTA1       3      73
4101092        ARRAHBS1       3      73
4101093        PSULIPG1       3      73
4101094         GAIGHAT       3      73
4101095        MITHAPUR       3      73
4101096          GARHWA       3      73
4101097         DEOGARH       3      73
4101098           KAHAL       3      73
4101099        LALMTYA1       3      73
4101100         RIHAND1       3      73
4101101         KHAGURL       3      73
4101102         KHUSRUR       3      73
4101103         KUDRARL       3      73
4101104        RAFIGANR       3      73
4101105         ARRAHRL       3      73
4101106         JEHANRL       3      73
4101107        LAKHISRL       3      73
4101108          MOKAMA       3      73
4101109         DUMRANR       3      73
4101110        SWADESHI       3      73
4101111          BHARAT       3      73
4101112           TAPGB       3      73
4101114         MOKAMTA       3      73
4101115         RAJGTAP       3      73
4101116         RAXUAL1       3      73
4101117        RUNISAI1       3      73
4101118          SKMCH1       3      73
4101119          BUXAR1       3      73
4101120         DINARA1       3      73
4101121         AURANG1       3      73
4101122         TEKARI1       3      73
4101123            GOH1       3      73
4101124          KARPI1       3      73
4101125         HULASG1       3      73
4101126          WAJIR1       3      73
4101127          NALDA1       3      73
4101128         EKANGR1       3      73
4101129          DIGHA1       3      73
4101130          KATRA1       3      73
4101131         GANGAW1       3      73
4101132         SAHSUP1       3      73
4101133          SIMRI1       3      73
4101134         MUSHRK1       3      73
4101135         DALSIG1       3      73
4101136        KUSHESW1       3      73
4101137         JAGDSH1       3      73
4101138        HARNAUT1       3      73
4101139         SIPARA1       3      73
4101140         PASULBS       3      73
4101141          BEGUSA       3      73
4101142         HAJIPRN       3      73
4101143        TILUTHU1       3      73
4101144         JANDAH1       3      73
4101145         AMARPR1       3      73
4101146          ROSRA1       3      73
4101147         CHAKIA1       3      73
4101148        EMAMGNJ1       3      73
4101149          TEHTA1       3      73
4101150        SHEOHAR1       3      73
4101151         SHERGH1       3      73
4101152         NAUGNE1       3      73
4101153         VISHNSM       3      73
4101154        PACHRUKI       3      73
4101155         HAJITSS       3      73
4101156        CHAPRTSS       3      73
4101157         MUZPTSS       3      73
4101158        SAMASTSS       3      73
4101159        BACHWTSS       3      73
4101160        RAILPAHI       3      73
4101161        BIHTA_II       3      73
4101162        JAKNPII1       3      73
4101163        GAIGHII1       3      73
4101164        SABORII1       3      73
4101165        KHAGLII1       3      73
4102001         BODGAY2       2      72
4102002        DEHRI220       2      72
4102003        BSHARIF2       2      72
4102004         FATUHA2       2      72
4102005         KHAGAL2       2      72
4102006        GOPALGN2       2      72
4102007        DARBHAN2       2      72
4102009         MTPS220       2      72
4102015        PURN_PG2       2      72
4102016         PSAUL22       2      72
4102017        BSHRFTPS       2      72
4102020         MUZAFPG       2      72
4102023        ARRAHPG2       2      72
4102024           PATNA       2      72
4102026         KAHALPG       2      72
4102027         PASUBS2       2      72
4102028         SIPARA2       2      72
4102029         SAHRSU2       2      72
4102030         HAJINE2       2      72
4102031         BEGUSA2       2      72
4102032         JAKANP2       2      72
4102033           FOBR2       2      72
4102034         JEHANB2       2      72
4102037         MUZFER2       2      72
4104004         PURN400       1      72
4104005        S-RAM400       1      72
4104007         JAMALP4       1      72
4108001        CHANDT33       4      72
4108002        CHANDT25       5      72
4108003        BODHGY33       4      72
4108004        SONENR33       4      72
4108005         SONEN25       5      72
4108006        KARMNA33       4      72
4108007         KARMN25       5      72
4108008        JEHANA33       4      72
4108009        RAFIGJ33       4      72
4108010         DEHRI33       4      72
4108011        BSHARF33       4      72
4108012        HATHID33       4      72
4108013        LAKHIS33       4      72
4108014         JAMUI33       4      72
4108015        SHEIKR33       4      72
4108016         NAWAD33       4      72
4108017        JAMALR33       4      72
4108018        SULTAN33       4      72
4108019        SABOUR33       4      72
4108020        DUMRAN33       4      72
4108021         ARRAH33       4      72
4108022         PATNA33       4      72
4108023         KHAGL33       4      72
4108024        FATUHA33       4      72
4108026        PURNIA33       4      72
4108027        SAHARS33       4      72
4108028        KHAGRIA3       4      72
4108029         NAUGA33       4      72
4108030        MUZAFR33       4      72
4108031        SITAMR33       4      72
4108032        SAMAST33       4      72
4108033        PANDUL33       4      72
4108034        HAJIPR33       4      72
4108035        CHAPRA33       4      72
4108036         SIWAN33       4      72
4108037         MOTIH33       4      72
4108038        BETTIA33       4      72
4108039         RAMNR33       4      72
4108041        RAJGIR33       4      72
4108044        DARBHG33       4      72
4108045        KATIHR33       4      72
4108046        KAHALN33       4      72
4108047        BELGNJ33       4      72
4108048        VAISHL33       4      72
4108049        SITAPR33       4      72
4108050         GOPAL33       4      72
4108051         DHAKA33       4      72
4108052        JAINAR33       4      72
4108053         MADHU33       4      72
4108054         PHULP33       4      72
4108055         SUPAL33       4      72
4108056        SASARM33       4      72
4108057         BHABH33       4      72
4108058        BIKRAM33       4      72
4108060         BANKA33       4      72
4108061         FORBE33       4      72
4108062        UDAKIS33       4      72
4108063          BARH33       4      72
4108064         KSHNGNJ       4      72
4108065          BRNI33       4      72
4108066          BENJRI       4      72
4108067          KOSI33       4      72
4108069         MASRHI3       4      72
4108070          BIHTA3       4      72
4108071         GAIGHT3       4      72
4108072         MITHPR3       4      72
4108073         PAHARP3       5      72
4108074         RAXUAL3       4      72
4108075        RUNISAI3       4      72
4108076          SKMCH3       4      72
4108077          BUXAR3       4      72
4108078         DINARA3       4      72
4108079         AURANG3       4      72
4108080         TEKARI3       4      72
4108081            GOH3       4      72
4108082          KARPI3       4      72
4108083         HULASG3       4      72
4108084          WAJIR3       4      72
4108085          NALDA3       4      72
4108086         EKANGR3       4      72
4108087          DIGHA3       4      72
4108088          KATRA3       4      72
4108089         GANGAW3       4      72
4108090         SAHSUP3       4      72
4108091          SIMRI3       4      72
4108092         MUSHRK3       4      72
4108093         DALSIG3       4      72
4108094        KUSHESW3       4      72
4108095         JAGDSH3       4      72
4108096        HARNAUT3       4      72
4108097         SIPARA3       4      72
4108099         BEGUSA3       4      72
4108100        TILUTHU3       4      72
4108101         JANDAH3       4      72
4108102         AMARPR3       4      72
4108103          ROSRA3       4      72
4108104         CHAKIA3       4      72
4108105        EMAMGNJ3       4      72
4108106          TEHTA3       4      72
4108107        SHEOHAR3       4      72
4108108         SHERGH3       4      72
4108109         NAUGHN3       4      72
4108110        JALESWAR       5      72
4108111          KUDRA3       4      72
4108112        BIHTAII3       4      72
4108113        JAKNPII3       4      72
4108114        GAGHTII3       4      72
4108115        SABORII3       4      72
4108116        KHAGLII3       4      72
4190002         BARH-PG      72      72
4190003        KHALGN-G      72      72
4190005        NABIRLY2       5      72
4190011        KODERMAG       5      72
4194001        B-SHARIF       1      72
4194002        PATNA400       1      72
4194003        KAHLGAON       1      72
4194005         BARH400       1      72
4194006        MUZ'PUR4       1      72
4194009        NABIRLY4       1      72
4194011        KODERMA4       1      72
4194012         GAYA400       1      72
4194013         PURNSC1       1      72
4194014         PURNSC2       1      72
4194015          MUZSC1       1      72
4194016          MUZSC2       1      72
4197001        S-RAM765       1      72
4197002         GAYA765       1      72
4197004        S-RAMSC1       1      72
4197005        S-RAMSC2       1      72
4290002        MATH-RB1      72      72
4290006        CITRAPRG      59      72
4290007        BOKARO-S      59      72
4290008        BOKARO-E      59      72
4290009           ADNK1      59      72
4292001        JAMSE220      29      72
4292004          MATHN2      29      72
4292049        RANCH-TG      29      72
4294001        JAMSE400      79      72
4294003        MAINTHN4      79      72
4294004        MATH-RB4      79      72
4294005        TENUGT40      79      72
4294008        CITRAPR4      59      72
4294009         BOKARO4      59      72
4294049          RANCHI      79      72
4294915           ADUNK      79      72
4500001        KT215.75      62      72
4500002        BKR15.75      62      72
4500003           FKK21      62      72
4500004        FKK15.75      62      72
4500005        PPSP16.5      62      72
4500006        SDIGHI15      62      72
4500008        SDIGHI21      62      72
4500010           DPL21      62      72
4500011        FARAKAG3      62      72
4500012         MEJIA-G      62      72
4500013        DRGPR-Ex      72      72
4500014        RAGUNATG      62      72
4500015         DRGPR-G      62      72
4500017         HALDIAG      62      72
4502002         ARAM220      32      72
4502004         BAKR220      32      72
4502005         DTPS220      62      72
4502006        MALPG220      32      72
4502008        SDGHI220      32      72
4502009         SGPG220      32      72
4502015          DRG220      32      72
4502016          FKK220      32      72
4502018        MEJIA220      32      72
4502020         BUDANG2      62      72
4504001          JRT400      32      72
4504002         ARAM400      82      72
4504003         KTPS400      32      72
4504004         BAKR400      82      72
4504005         DTPS400      82      72
4504006        MALPG400      82      72
4504007        SGURI400      82      72
4504008        SDGHI400      82      72
4504009         SGPG400      82      72
4504013          DPL400      82      72
4504015        DRGPR400      82      72
4504016        FARKA400      82      72
4504017         PPSP400      32      72
4504018        MEJIA400      82      72
4504019        RAGUNAT4      82      72
4504020         BDNAGER      82      72
4504021         HALDIA4      82      72
4604001          KISHAN       2      72
5100001             NER      82      72
5100002          TESTA5      82      72
5100004           TALA5      82      72
5102001            S220      82      72
5104001         BONGAON      82      72
5104002         TESTAV4      82      72
5104003           TALA4      82      72

4604002         TEESTA3      86      46

4604004          TEEIII      86      46
